Processing event: SOLVersion: 1.1; Event: PRICE; CurrentPrice: 192; Increment: 7; Bidder: Someone else;
currentPrice 192