Processing event: SOLVersion: 1.1; Event: CLOSE;
auctionClosed